// Jest Snapshot v1, https://goo.gl/fbAQLP

exports[`babelPluginHoistRegex Test Snapshot 1`] = `
"const _rgx = new RegExp('\\\\d+');

const _regex = /[0-9]+/;

function validateOneWay(value) {
  const result = _regex.exec(value);

  return (validateTheOtherWay = () => {
    const input = _rgx.test(result.input);

    return input;
  })();
}

validateOneWay(123456789);"
`;
